EN demux NULL C:/Users/Rafa/Desktop/probando/pfinal/pfinal/demux.vhd sub00/vhpl22 1399845397
AR ffd_reset behavioral C:/Users/Rafa/Desktop/pfinal/pfinal/contador/ffD_reset.vhd sub00/vhpl02 1398159359
EN clkseg NULL C:/Users/Rafa/Desktop/probando/pfinal/pfinal/clkseg.vhd sub00/vhpl00 1399845387
EN multipequeno NULL C:/Users/Rafa/Desktop/pfinal/pfinal/multipequeno.vhd sub00/vhpl14 1399479920
AR multi behavioral C:/Users/Rafa/Desktop/probando/pfinal/pfinal/multi.vhd sub00/vhpl17 1399845392
AR refresco behavioral C:/Users/Rafa/Desktop/probando/pfinal/pfinal/refresco.vhd sub00/vhpl19 1399845394
EN multi NULL C:/Users/Rafa/Desktop/probando/pfinal/pfinal/multi.vhd sub00/vhpl16 1399845391
EN sistema NULL C:/Users/Rafa/Desktop/pfinal/pfinal/contador/sistema.vhd sub00/vhpl07 1398161114
AR cronometro behavioral C:/Users/Rafa/Desktop/probando/pfinal/pfinal/cronometro.vhd sub00/vhpl13 1399845400
EN refresco NULL C:/Users/Rafa/Desktop/probando/pfinal/pfinal/refresco.vhd sub00/vhpl18 1399845393
AR demux behavioral C:/Users/Rafa/Desktop/probando/pfinal/pfinal/demux.vhd sub00/vhpl23 1399845398
EN decod NULL C:/Users/Rafa/Desktop/probando/pfinal/pfinal/decodificador.vhd sub00/vhpl20 1399845395
AR decod behavioral C:/Users/Rafa/Desktop/probando/pfinal/pfinal/decodificador.vhd sub00/vhpl21 1399845396
AR sistema behavioral C:/Users/Rafa/Desktop/pfinal/pfinal/contador/sistema.vhd sub00/vhpl08 1398161115
EN contador2 NULL C:/Users/Rafa/Desktop/pfinal/pfinal/contador/contador2.vhd sub00/vhpl03 1398161112
EN cronometro NULL C:/Users/Rafa/Desktop/probando/pfinal/pfinal/cronometro.vhd sub00/vhpl12 1399845399
AR clkseg behavioral C:/Users/Rafa/Desktop/probando/pfinal/pfinal/clkseg.vhd sub00/vhpl09 1399845388
EN decodificador NULL C:/Users/Rafa/Desktop/p3/decodificador.vhd sub00/vhpl05 1399822377
AR multipequeno behavioral C:/Users/Rafa/Desktop/pfinal/pfinal/multipequeno.vhd sub00/vhpl15 1399479921
EN contador NULL C:/Users/Rafa/Desktop/probando/pfinal/pfinal/contador/contador.vhd sub00/vhpl10 1399845389
EN ffd_reset NULL C:/Users/Rafa/Desktop/pfinal/pfinal/contador/ffD_reset.vhd sub00/vhpl01 1398159358
AR decodificador behavioral C:/Users/Rafa/Desktop/p3/decodificador.vhd sub00/vhpl06 1399822378
AR contador2 behavioral C:/Users/Rafa/Desktop/pfinal/pfinal/contador/contador2.vhd sub00/vhpl04 1398161113
AR contador behavioral C:/Users/Rafa/Desktop/probando/pfinal/pfinal/contador/contador.vhd sub00/vhpl11 1399845390
