V3 59
FL C:/Users/Rafa/Desktop/Final/pfinal/pfinal/clkseg.vhd 2014/05/11.17:41:16 P.20131013
FL C:/Users/Rafa/Desktop/Final/pfinal/pfinal/contador/contador.vhd 2014/05/11.12:49:25 P.20131013
FL C:/Users/Rafa/Desktop/Final/pfinal/pfinal/cronometro.vhd 2014/05/11.17:12:19 P.20131013
FL C:/Users/Rafa/Desktop/Final/pfinal/pfinal/decodificador.vhd 2014/05/11.16:44:13 P.20131013
FL C:/Users/Rafa/Desktop/Final/pfinal/pfinal/demux.vhd 2014/05/11.18:46:09 P.20131013
FL C:/Users/Rafa/Desktop/Final/pfinal/pfinal/multi.vhd 2014/05/07.19:01:44 P.20131013
FL C:/Users/Rafa/Desktop/Final/pfinal/pfinal/refresco.vhd 2014/05/11.16:07:05 P.20131013
FL C:/Users/Rafa/Desktop/p3/decodificador.vhd 2014/03/19.20:54:14 P.20131013
EN work/decodificador 1399822377 FL C:/Users/Rafa/Desktop/p3/decodificador.vhd \
      PB ieee/std_logic_1164 1381692176
AR work/decodificador/Behavioral 1399822378 \
      FL C:/Users/Rafa/Desktop/p3/decodificador.vhd EN work/decodificador 1399822377
FL C:/Users/Rafa/Desktop/pfinal/pfinal/clkseg.vhd 2014/05/11.17:41:16 P.20131013
FL C:/Users/Rafa/Desktop/pfinal/pfinal/contador/contador.vhd 2014/05/11.12:49:25 P.20131013
FL C:/Users/Rafa/Desktop/pfinal/pfinal/contador/contador2.vhd 2014/04/09.19:44:20 P.20131013
EN work/contador2 1398161112 \
      FL C:/Users/Rafa/Desktop/pfinal/pfinal/contador/contador2.vhd \
      PB ieee/std_logic_1164 1381692176 PB ieee/std_logic_arith 1381692177 \
      PB ieee/STD_LOGIC_UNSIGNED 1381692179
AR work/contador2/Behavioral 1398161113 \
      FL C:/Users/Rafa/Desktop/pfinal/pfinal/contador/contador2.vhd \
      EN work/contador2 1398161112
FL C:/Users/Rafa/Desktop/pfinal/pfinal/contador/ffD_reset.vhd 2014/04/02.19:18:42 P.20131013
EN work/ffD_reset 1398159358 \
      FL C:/Users/Rafa/Desktop/pfinal/pfinal/contador/ffD_reset.vhd \
      PB ieee/std_logic_1164 1381692176
AR work/ffD_reset/Behavioral 1398159359 \
      FL C:/Users/Rafa/Desktop/pfinal/pfinal/contador/ffD_reset.vhd \
      EN work/ffD_reset 1398159358
FL C:/Users/Rafa/Desktop/pfinal/pfinal/contador/sistema.vhd 2014/04/22.10:46:24 P.20131013
EN work/sistema 1398161114 \
      FL C:/Users/Rafa/Desktop/pfinal/pfinal/contador/sistema.vhd \
      PB ieee/std_logic_1164 1381692176
AR work/sistema/Behavioral 1398161115 \
      FL C:/Users/Rafa/Desktop/pfinal/pfinal/contador/sistema.vhd EN work/sistema 1398161114 \
      CP decodificador CP contador2
FL C:/Users/Rafa/Desktop/pfinal/pfinal/cronometro.vhd 2014/05/11.17:12:19 P.20131013
FL C:/Users/Rafa/Desktop/pfinal/pfinal/decodificador.vhd 2014/05/11.16:44:13 P.20131013
FL C:/Users/Rafa/Desktop/pfinal/pfinal/demux.vhd 2014/05/11.17:22:11 P.20131013
FL C:/Users/Rafa/Desktop/pfinal/pfinal/descodificador/decodificador.vhd 2014/03/19.20:54:14 P.20131013
FL C:/Users/Rafa/Desktop/pfinal/pfinal/multi.vhd 2014/05/07.19:01:44 P.20131013
FL C:/Users/Rafa/Desktop/pfinal/pfinal/multipequeno.vhd 2014/05/07.17:18:21 P.20131013
EN work/multipequeno 1399479920 \
      FL C:/Users/Rafa/Desktop/pfinal/pfinal/multipequeno.vhd \
      PB ieee/std_logic_1164 1381692176
AR work/multipequeno/Behavioral 1399479921 \
      FL C:/Users/Rafa/Desktop/pfinal/pfinal/multipequeno.vhd \
      EN work/multipequeno 1399479920
FL C:/Users/Rafa/Desktop/pfinal/pfinal/refresco.vhd 2014/05/11.16:07:05 P.20131013
FL C:/Users/Rafa/Desktop/probando/pfinal/pfinal/clkseg.vhd 2014/05/11.20:20:05 P.20131013
EN work/clkseg 1399845387 \
      FL C:/Users/Rafa/Desktop/probando/pfinal/pfinal/clkseg.vhd \
      PB ieee/NUMERIC_STD 1381692181 PB ieee/std_logic_1164 1381692176 \
      PB ieee/STD_LOGIC_UNSIGNED 1381692179
AR work/clkseg/Behavioral 1399845388 \
      FL C:/Users/Rafa/Desktop/probando/pfinal/pfinal/clkseg.vhd EN work/clkseg 1399845387
FL C:/Users/Rafa/Desktop/probando/pfinal/pfinal/contador/contador.vhd 2014/05/11.22:56:19 P.20131013
EN work/contador 1399845389 \
      FL C:/Users/Rafa/Desktop/probando/pfinal/pfinal/contador/contador.vhd \
      PB ieee/NUMERIC_STD 1381692181 PB ieee/std_logic_1164 1381692176 \
      PB ieee/STD_LOGIC_UNSIGNED 1381692179
AR work/contador/Behavioral 1399845390 \
      FL C:/Users/Rafa/Desktop/probando/pfinal/pfinal/contador/contador.vhd \
      EN work/contador 1399845389
FL C:/Users/Rafa/Desktop/probando/pfinal/pfinal/cronometro.vhd 2014/05/11.22:53:47 P.20131013
EN work/cronometro 1399845399 \
      FL C:/Users/Rafa/Desktop/probando/pfinal/pfinal/cronometro.vhd \
      PB ieee/std_logic_1164 1381692176
AR work/cronometro/Behavioral 1399845400 \
      FL C:/Users/Rafa/Desktop/probando/pfinal/pfinal/cronometro.vhd \
      EN work/cronometro 1399845399 CP clkseg CP contador CP multi CP refresco \
      CP decod CP demux
FL C:/Users/Rafa/Desktop/probando/pfinal/pfinal/decodificador.vhd 2014/05/11.16:44:13 P.20131013
EN work/decod 1399845395 \
      FL C:/Users/Rafa/Desktop/probando/pfinal/pfinal/decodificador.vhd \
      PB ieee/std_logic_1164 1381692176
AR work/decod/Behavioral 1399845396 \
      FL C:/Users/Rafa/Desktop/probando/pfinal/pfinal/decodificador.vhd \
      EN work/decod 1399845395
FL C:/Users/Rafa/Desktop/probando/pfinal/pfinal/demux.vhd 2014/05/11.18:46:09 P.20131013
EN work/demux 1399845397 \
      FL C:/Users/Rafa/Desktop/probando/pfinal/pfinal/demux.vhd \
      PB ieee/std_logic_1164 1381692176
AR work/demux/Behavioral 1399845398 \
      FL C:/Users/Rafa/Desktop/probando/pfinal/pfinal/demux.vhd EN work/demux 1399845397
FL C:/Users/Rafa/Desktop/probando/pfinal/pfinal/multi.vhd 2014/05/07.19:01:44 P.20131013
EN work/multi 1399845391 \
      FL C:/Users/Rafa/Desktop/probando/pfinal/pfinal/multi.vhd \
      PB ieee/std_logic_1164 1381692176
AR work/multi/Behavioral 1399845392 \
      FL C:/Users/Rafa/Desktop/probando/pfinal/pfinal/multi.vhd EN work/multi 1399845391
FL C:/Users/Rafa/Desktop/probando/pfinal/pfinal/refresco.vhd 2014/05/11.16:07:05 P.20131013
EN work/refresco 1399845393 \
      FL C:/Users/Rafa/Desktop/probando/pfinal/pfinal/refresco.vhd \
      PB ieee/std_logic_1164 1381692176 PB ieee/NUMERIC_STD 1381692181
AR work/refresco/Behavioral 1399845394 \
      FL C:/Users/Rafa/Desktop/probando/pfinal/pfinal/refresco.vhd \
      EN work/refresco 1399845393
