EN sistema NULL C:/Users/Rafa/Desktop/p4/sistema.vhd sub00/vhpl04 1397068702
AR sistema behavioral C:/Users/Rafa/Desktop/p4/sistema.vhd sub00/vhpl05 1397068703
EN contador2 NULL C:/Users/Rafa/Desktop/p4/contador2.vhd sub00/vhpl02 1397068700
EN decodificador NULL "C:/Users/Rafa/Desktop/p4/Practica 3/p3/decodificador.vhd" sub00/vhpl00 1397068698
AR decodificador behavioral "C:/Users/Rafa/Desktop/p4/Practica 3/p3/decodificador.vhd" sub00/vhpl01 1397068699
AR contador2 behavioral C:/Users/Rafa/Desktop/p4/contador2.vhd sub00/vhpl03 1397068701
