V3 3
FL C:/Users/Rafa/practica/funciones.vhd 2014/02/23.16:56:13 P.20131013
EN work/funciones 1393175215 FL C:/Users/Rafa/practica/funciones.vhd \
      PB ieee/std_logic_1164 1381692176
AR work/funciones/Behavioral 1393175216 \
      FL C:/Users/Rafa/practica/funciones.vhd EN work/funciones 1393175215
