EN demux NULL C:/Users/Rafa/Desktop/Final/pfinal/pfinal/demux.vhd sub00/vhpl22 1399835860
AR ffd_reset behavioral C:/Users/Rafa/Desktop/pfinal/pfinal/contador/ffD_reset.vhd sub00/vhpl02 1398159359
EN clkseg NULL C:/Users/Rafa/Desktop/Final/pfinal/pfinal/clkseg.vhd sub00/vhpl00 1399835850
EN multipequeno NULL C:/Users/Rafa/Desktop/pfinal/pfinal/multipequeno.vhd sub00/vhpl14 1399479920
AR multi behavioral C:/Users/Rafa/Desktop/Final/pfinal/pfinal/multi.vhd sub00/vhpl17 1399835855
AR refresco behavioral C:/Users/Rafa/Desktop/Final/pfinal/pfinal/refresco.vhd sub00/vhpl19 1399835857
EN multi NULL C:/Users/Rafa/Desktop/Final/pfinal/pfinal/multi.vhd sub00/vhpl16 1399835854
EN sistema NULL C:/Users/Rafa/Desktop/pfinal/pfinal/contador/sistema.vhd sub00/vhpl07 1398161114
AR cronometro behavioral C:/Users/Rafa/Desktop/Final/pfinal/pfinal/cronometro.vhd sub00/vhpl13 1399835863
EN refresco NULL C:/Users/Rafa/Desktop/Final/pfinal/pfinal/refresco.vhd sub00/vhpl18 1399835856
AR demux behavioral C:/Users/Rafa/Desktop/Final/pfinal/pfinal/demux.vhd sub00/vhpl23 1399835861
EN decod NULL C:/Users/Rafa/Desktop/Final/pfinal/pfinal/decodificador.vhd sub00/vhpl20 1399835858
AR decod behavioral C:/Users/Rafa/Desktop/Final/pfinal/pfinal/decodificador.vhd sub00/vhpl21 1399835859
AR sistema behavioral C:/Users/Rafa/Desktop/pfinal/pfinal/contador/sistema.vhd sub00/vhpl08 1398161115
EN contador2 NULL C:/Users/Rafa/Desktop/pfinal/pfinal/contador/contador2.vhd sub00/vhpl03 1398161112
EN cronometro NULL C:/Users/Rafa/Desktop/Final/pfinal/pfinal/cronometro.vhd sub00/vhpl12 1399835862
AR clkseg behavioral C:/Users/Rafa/Desktop/Final/pfinal/pfinal/clkseg.vhd sub00/vhpl09 1399835851
EN decodificador NULL C:/Users/Rafa/Desktop/p3/decodificador.vhd sub00/vhpl05 1399822377
AR multipequeno behavioral C:/Users/Rafa/Desktop/pfinal/pfinal/multipequeno.vhd sub00/vhpl15 1399479921
EN contador NULL C:/Users/Rafa/Desktop/Final/pfinal/pfinal/contador/contador.vhd sub00/vhpl10 1399835852
EN ffd_reset NULL C:/Users/Rafa/Desktop/pfinal/pfinal/contador/ffD_reset.vhd sub00/vhpl01 1398159358
AR decodificador behavioral C:/Users/Rafa/Desktop/p3/decodificador.vhd sub00/vhpl06 1399822378
AR contador2 behavioral C:/Users/Rafa/Desktop/pfinal/pfinal/contador/contador2.vhd sub00/vhpl04 1398161113
AR contador behavioral C:/Users/Rafa/Desktop/Final/pfinal/pfinal/contador/contador.vhd sub00/vhpl11 1399835853
